// Jest Snapshot v1, https://goo.gl/fbAQLP

exports[`components/EntryPreview Matches snapshot 1`] = `null`;
