// Jest Snapshot v1, https://goo.gl/fbAQLP

exports[`UnAuthentitcatedApp Should render welcome screen by default 1`] = `
<View
  pointerEvents="box-none"
  style={
    Object {
      "flex": 1,
    }
  }
>
  <View
    collapsable={true}
    pointerEvents="box-none"
    style={
      Object {
        "flex": 1,
      }
    }
  >
    <View
      style={
        Object {
          "flex": 1,
        }
      }
    >
      <RNCSafeAreaView
        style={
          Object {
            "flex": 1,
          }
        }
      >
        <View
          style={
            Object {
              "flex": 1,
            }
          }
        >
          <View
            pointerEvents="box-none"
            style={
              Object {
                "bottom": 0,
                "left": 0,
                "position": "absolute",
                "right": 0,
                "top": 0,
              }
            }
          >
            <View
              accessibilityElementsHidden={false}
              closing={false}
              gestureVelocityImpact={0.3}
              importantForAccessibility="auto"
              pointerEvents="box-none"
              style={
                Object {
                  "bottom": 0,
                  "left": 0,
                  "position": "absolute",
                  "right": 0,
                  "top": 0,
                }
              }
              transitionSpec={
                Object {
                  "close": Object {
                    "animation": "spring",
                    "config": Object {
                      "damping": 500,
                      "mass": 3,
                      "overshootClamping": true,
                      "restDisplacementThreshold": 10,
                      "restSpeedThreshold": 10,
                      "stiffness": 1000,
                    },
                  },
                  "open": Object {
                    "animation": "spring",
                    "config": Object {
                      "damping": 500,
                      "mass": 3,
                      "overshootClamping": true,
                      "restDisplacementThreshold": 10,
                      "restSpeedThreshold": 10,
                      "stiffness": 1000,
                    },
                  },
                }
              }
            >
              <View
                pointerEvents="box-none"
                style={
                  Object {
                    "flex": 1,
                  }
                }
              >
                <View
                  collapsable={false}
                  style={
                    Object {
                      "flex": 1,
                      "transform": Array [
                        Object {
                          "translateX": 0,
                        },
                        Object {
                          "translateX": 0,
                        },
                      ],
                    }
                  }
                >
                  <View
                    pointerEvents="none"
                    style={
                      Object {
                        "backgroundColor": "rgb(242, 242, 242)",
                        "bottom": 0,
                        "left": 0,
                        "position": "absolute",
                        "shadowColor": "#000",
                        "shadowOffset": Object {
                          "height": 1,
                          "width": -1,
                        },
                        "shadowOpacity": 0.3,
                        "shadowRadius": 5,
                        "top": 0,
                        "width": 3,
                      }
                    }
                  />
                  <View
                    style={
                      Array [
                        Object {
                          "flex": 1,
                          "overflow": "hidden",
                        },
                        Array [
                          Object {
                            "backgroundColor": "rgb(242, 242, 242)",
                          },
                          undefined,
                        ],
                      ]
                    }
                  >
                    <View
                      style={
                        Object {
                          "flex": 1,
                          "flexDirection": "column-reverse",
                        }
                      }
                    >
                      <View
                        style={
                          Object {
                            "flex": 1,
                          }
                        }
                      >
                        <View
                          style={
                            Object {
                              "alignContent": "center",
                              "alignItems": "center",
                              "display": "flex",
                              "height": "100%",
                              "justifyContent": "center",
                            }
                          }
                        >
                          <View>
                            <Text
                              style={
                                Array [
                                  Object {
                                    "fontSize": 30,
                                    "margin": 20,
                                  },
                                  Object {
                                    "fontFamily": "roboto-light",
                                  },
                                ]
                              }
                            >
                              Welcome To Journal App Î²
                            </Text>
                            <TouchableOpacity
                              activeOpacity={0.2}
                            >
                              <View
                                style={
                                  Object {
                                    "backgroundColor": "#144568",
                                    "borderRadius": 4,
                                    "marginVertical": 8,
                                    "paddingHorizontal": 25,
                                    "paddingVertical": 12,
                                    "width": "100%",
                                  }
                                }
                              >
                                <Text
                                  style={
                                    Array [
                                      Object {
                                        "color": "#fff",
                                        "fontSize": 18,
                                        "textAlign": "center",
                                      },
                                      Object {
                                        "fontFamily": "roboto-light",
                                      },
                                    ]
                                  }
                                >
                                  Log In
                                </Text>
                              </View>
                            </TouchableOpacity>
                            <TouchableOpacity
                              activeOpacity={0.2}
                            >
                              <View
                                style={
                                  Object {
                                    "backgroundColor": "#fff",
                                    "borderRadius": 4,
                                    "marginVertical": 8,
                                    "paddingHorizontal": 25,
                                    "paddingVertical": 12,
                                    "width": "100%",
                                  }
                                }
                              >
                                <Text
                                  style={
                                    Array [
                                      Object {
                                        "color": "#144568",
                                        "fontSize": 18,
                                        "textAlign": "center",
                                      },
                                      Object {
                                        "fontFamily": "roboto-light",
                                      },
                                    ]
                                  }
                                >
                                  Register
                                </Text>
                              </View>
                            </TouchableOpacity>
                          </View>
                        </View>
                      </View>
                      <View
                        pointerEvents="box-none"
                      >
                        <View
                          accessibilityElementsHidden={false}
                          importantForAccessibility="auto"
                          pointerEvents="box-none"
                          style={null}
                        >
                          <View
                            pointerEvents="box-none"
                            style={
                              Object {
                                "bottom": 0,
                                "left": 0,
                                "position": "absolute",
                                "right": 0,
                                "top": 0,
                                "zIndex": 0,
                              }
                            }
                          >
                            <View
                              style={
                                Object {
                                  "backgroundColor": "rgb(255, 255, 255)",
                                  "borderBottomColor": "rgb(224, 224, 224)",
                                  "flex": 1,
                                  "shadowColor": "rgb(224, 224, 224)",
                                  "shadowOffset": Object {
                                    "height": 0.5,
                                    "width": 0,
                                  },
                                  "shadowOpacity": 0.85,
                                  "shadowRadius": 0,
                                }
                              }
                            />
                          </View>
                          <View
                            pointerEvents="box-none"
                            style={
                              Object {
                                "height": 64,
                                "maxHeight": undefined,
                                "minHeight": undefined,
                                "opacity": undefined,
                                "transform": undefined,
                              }
                            }
                          >
                            <View
                              pointerEvents="none"
                              style={
                                Object {
                                  "height": 20,
                                }
                              }
                            />
                            <View
                              pointerEvents="box-none"
                              style={
                                Object {
                                  "alignItems": "center",
                                  "flex": 1,
                                  "flexDirection": "row",
                                  "justifyContent": "center",
                                }
                              }
                            >
                              <View
                                pointerEvents="box-none"
                                style={
                                  Object {
                                    "marginHorizontal": 16,
                                  }
                                }
                              >
                                <Text
                                  accessibilityRole="header"
                                  numberOfLines={1}
                                  style={
                                    Object {
                                      "color": "rgb(28, 28, 30)",
                                      "fontSize": 17,
                                      "fontWeight": "600",
                                    }
                                  }
                                >
                                  Journal App
                                </Text>
                              </View>
                            </View>
                          </View>
                        </View>
                      </View>
                    </View>
                  </View>
                </View>
              </View>
            </View>
          </View>
        </View>
      </RNCSafeAreaView>
    </View>
  </View>
</View>
`;
